001/260 OK 01_base: MATCH
002/260 OK 02_timesheet_from_db: MATCH
003/260 OK 03_duplicate_timesheet: MATCH
004/260 OK 04_duplicate_erp_positions: MATCH
005/260 OK 05_same_title_different_guid: MATCH
006/260 OK 06_other_department: MATCH
007/260 OK 07_other_organization: MATCH
008/260 OK 08_future_event: MATCH
009/260 OK 09_tie_breaker_id: MATCH
010/260 OK 10_iso_separator: MATCH
011/260 OK 11_dismissed_removed_by_current_dict: MATCH
012/260 OK 12_rehire: MATCH
013/260 OK 13_current_position_changed: MATCH
014/260 OK 14_month_end_is_not_current: DIFFERENT
015/260 OK 15_two_contracts_one_person: DIFFERENT
016/260 OK 16_never_in_erp_timesheet: DIFFERENT
017/260 OK 17_mes_sync_lag: DIFFERENT
018/260 OK 18_department_transfer_lag: DIFFERENT
019/260 OK 19_excluding_dismissal_changes_positions: DIFFERENT
020/260 OK 20_missing_position_mapping: BLOCKED
021/260 OK 21_missing_department_mapping: BLOCKED
022/260 OK 22_filial_mapping_unverified: BLOCKED
023/260 OK 23_wrong_org_guid: INCONCLUSIVE
024/260 OK 24_corrupt_history_date: BLOCKED
025/260 OK 25_aware_as_of: BLOCKED
026/260 OK 26_erp_empty: INCONCLUSIVE
027/260 OK 27_erp_http_error: INCONCLUSIVE
028/260 OK 28_erp_transport_exception: BLOCKED
029/260 OK 29_erp_missing_data: BLOCKED
030/260 OK 30_register_empty_fallback: INCONCLUSIVE
031/260 OK 31_register_empty_strict: DIFFERENT
032/260 OK 32_register_error_fallback: INCONCLUSIVE
Не указана организаиця
033/260 OK 33_no_organization_guard: INCONCLUSIVE
034/260 OK 34_empty_fallback_lists: INCONCLUSIVE
035/260 OK 35_no_current_employee: MATCH
036/260 OK 36_company_comes_from_config: MATCH
037/260 OK 37_whitespace_in_timesheet: MATCH
038/260 OK 38_case_sensitive_title: MATCH
039/260 OK 39_two_word_fio: MATCH
040/260 OK 40_position_trailing_space: DIFFERENT
041/260 OK 41_unconfirmed_order: MATCH
042/260 OK 42_unconfirmed_unplanned_code: MATCH
043/260 OK 43_unknown_unplanned_code: MATCH
044/260 OK 44_other_poki: MATCH
045/260 OK 45_missing_inner_join: MATCH
046/260 OK 46_left_join_multiplies_rows: MATCH
047/260 OK 47_time_boundaries: MATCH
048/260 OK 48_comma_and_exponent: MATCH
049/260 OK 49_negative_norm: MATCH
050/260 OK 50_non_numeric_start: BLOCKED
051/260 OK 51_non_numeric_finish: MATCH
052/260 OK 52_nan_string_converts_to_zero: MATCH
053/260 OK 53_no_started_rows: MATCH
054/260 OK 54_same_department_name_two_guids: MATCH
055/260 OK 55_leap_february: MATCH
056/260 OK 56_year_boundary: MATCH
057/260 OK 57_missing_norm_unconfirmed: BLOCKED
058/260 OK 58_absent_month_timesheet: MATCH
059/260 OK 59_infinite_norm_is_blocked: BLOCKED
060/260 OK random_73021: MATCH
061/260 OK random_73022: MATCH
062/260 OK random_73023: MATCH
063/260 OK random_73024: MATCH
064/260 OK random_73025: MATCH
065/260 OK random_73026: MATCH
066/260 OK random_73027: MATCH
067/260 OK random_73028: MATCH
068/260 OK random_73029: MATCH
069/260 OK random_73030: MATCH
070/260 OK random_73031: MATCH
071/260 OK random_73032: MATCH
072/260 OK random_73033: MATCH
073/260 OK random_73034: MATCH
074/260 OK random_73035: MATCH
075/260 OK random_73036: MATCH
076/260 OK random_73037: MATCH
077/260 OK random_73038: MATCH
078/260 OK random_73039: MATCH
079/260 OK random_73040: MATCH
080/260 OK random_73041: MATCH
081/260 OK random_73042: MATCH
082/260 OK random_73043: MATCH
083/260 OK random_73044: MATCH
084/260 OK random_73045: MATCH
085/260 OK random_73046: MATCH
086/260 OK random_73047: MATCH
087/260 OK random_73048: MATCH
088/260 OK random_73049: MATCH
089/260 OK random_73050: MATCH
090/260 OK random_73051: MATCH
091/260 OK random_73052: MATCH
092/260 OK random_73053: MATCH
093/260 OK random_73054: MATCH
094/260 OK random_73055: MATCH
095/260 OK random_73056: MATCH
096/260 OK random_73057: MATCH
097/260 OK random_73058: MATCH
098/260 OK random_73059: MATCH
099/260 OK random_73060: MATCH
100/260 OK random_73061: MATCH
101/260 OK random_73062: MATCH
102/260 OK random_73063: MATCH
103/260 OK random_73064: MATCH
104/260 OK random_73065: MATCH
105/260 OK random_73066: MATCH
106/260 OK random_73067: MATCH
107/260 OK random_73068: MATCH
108/260 OK random_73069: MATCH
109/260 OK random_73070: MATCH
110/260 OK random_73071: MATCH
111/260 OK random_73072: MATCH
112/260 OK random_73073: MATCH
113/260 OK random_73074: MATCH
114/260 OK random_73075: MATCH
115/260 OK random_73076: MATCH
116/260 OK random_73077: MATCH
117/260 OK random_73078: MATCH
118/260 OK random_73079: MATCH
119/260 OK random_73080: MATCH
120/260 OK random_73081: MATCH
121/260 OK random_73082: MATCH
122/260 OK random_73083: MATCH
123/260 OK random_73084: MATCH
124/260 OK random_73085: MATCH
125/260 OK random_73086: MATCH
126/260 OK random_73087: MATCH
127/260 OK random_73088: MATCH
128/260 OK random_73089: MATCH
129/260 OK random_73090: MATCH
130/260 OK random_73091: MATCH
131/260 OK random_73092: MATCH
132/260 OK random_73093: MATCH
133/260 OK random_73094: MATCH
134/260 OK random_73095: MATCH
135/260 OK random_73096: MATCH
136/260 OK random_73097: MATCH
137/260 OK random_73098: MATCH
138/260 OK random_73099: MATCH
139/260 OK random_73100: MATCH
140/260 OK random_73101: MATCH
141/260 OK random_73102: MATCH
142/260 OK random_73103: MATCH
143/260 OK random_73104: MATCH
144/260 OK random_73105: MATCH
145/260 OK random_73106: MATCH
146/260 OK random_73107: MATCH
147/260 OK random_73108: MATCH
148/260 OK random_73109: MATCH
149/260 OK random_73110: MATCH
150/260 OK random_73111: MATCH
151/260 OK random_73112: MATCH
152/260 OK random_73113: MATCH
153/260 OK random_73114: MATCH
154/260 OK random_73115: MATCH
155/260 OK random_73116: MATCH
156/260 OK random_73117: MATCH
157/260 OK random_73118: MATCH
158/260 OK random_73119: MATCH
159/260 OK random_73120: MATCH
160/260 OK random_73121: MATCH
161/260 OK random_73122: MATCH
162/260 OK random_73123: MATCH
163/260 OK random_73124: MATCH
164/260 OK random_73125: MATCH
165/260 OK random_73126: MATCH
166/260 OK random_73127: MATCH
167/260 OK random_73128: MATCH
168/260 OK random_73129: MATCH
169/260 OK random_73130: MATCH
170/260 OK random_73131: MATCH
171/260 OK random_73132: MATCH
172/260 OK random_73133: MATCH
173/260 OK random_73134: MATCH
174/260 OK random_73135: MATCH
175/260 OK random_73136: MATCH
176/260 OK random_73137: MATCH
177/260 OK random_73138: MATCH
178/260 OK random_73139: MATCH
179/260 OK random_73140: MATCH
180/260 OK random_73141: MATCH
181/260 OK random_73142: MATCH
182/260 OK random_73143: MATCH
183/260 OK random_73144: MATCH
184/260 OK random_73145: MATCH
185/260 OK random_73146: MATCH
186/260 OK random_73147: MATCH
187/260 OK random_73148: MATCH
188/260 OK random_73149: MATCH
189/260 OK random_73150: MATCH
190/260 OK random_73151: MATCH
191/260 OK random_73152: MATCH
192/260 OK random_73153: MATCH
193/260 OK random_73154: MATCH
194/260 OK random_73155: MATCH
195/260 OK random_73156: MATCH
196/260 OK random_73157: MATCH
197/260 OK random_73158: MATCH
198/260 OK random_73159: MATCH
199/260 OK random_73160: MATCH
200/260 OK random_73161: MATCH
201/260 OK random_73162: MATCH
202/260 OK random_73163: MATCH
203/260 OK random_73164: MATCH
204/260 OK random_73165: MATCH
205/260 OK random_73166: MATCH
206/260 OK random_73167: MATCH
207/260 OK random_73168: MATCH
208/260 OK random_73169: MATCH
209/260 OK random_73170: MATCH
210/260 OK random_73171: MATCH
211/260 OK random_73172: MATCH
212/260 OK random_73173: MATCH
213/260 OK random_73174: MATCH
214/260 OK random_73175: MATCH
215/260 OK random_73176: MATCH
216/260 OK random_73177: MATCH
217/260 OK random_73178: MATCH
218/260 OK random_73179: MATCH
219/260 OK random_73180: MATCH
220/260 OK random_73181: MATCH
221/260 OK random_73182: MATCH
222/260 OK random_73183: MATCH
223/260 OK random_73184: MATCH
224/260 OK random_73185: MATCH
225/260 OK random_73186: MATCH
226/260 OK random_73187: MATCH
227/260 OK random_73188: MATCH
228/260 OK random_73189: MATCH
229/260 OK random_73190: MATCH
230/260 OK random_73191: MATCH
231/260 OK random_73192: MATCH
232/260 OK random_73193: MATCH
233/260 OK random_73194: MATCH
234/260 OK random_73195: MATCH
235/260 OK random_73196: MATCH
236/260 OK random_73197: MATCH
237/260 OK random_73198: MATCH
238/260 OK random_73199: MATCH
239/260 OK random_73200: MATCH
240/260 OK random_73201: MATCH
241/260 OK random_73202: MATCH
242/260 OK random_73203: MATCH
243/260 OK random_73204: MATCH
244/260 OK random_73205: MATCH
245/260 OK random_73206: MATCH
246/260 OK random_73207: MATCH
247/260 OK random_73208: MATCH
248/260 OK random_73209: MATCH
249/260 OK random_73210: MATCH
250/260 OK random_73211: MATCH
251/260 OK random_73212: MATCH
252/260 OK random_73213: MATCH
253/260 OK random_73214: MATCH
254/260 OK random_73215: MATCH
255/260 OK random_73216: MATCH
256/260 OK random_73217: MATCH
257/260 OK random_73218: MATCH
258/260 OK random_73219: MATCH
259/260 OK random_73220: MATCH
260/260 OK stress_large: MATCH
{"suite_passed": true, "verdict_counts": {"MATCH": 235, "DIFFERENT": 8, "BLOCKED": 10, "INCONCLUSIVE": 7}, "expectation_failures": 0, "elapsed_seconds": 17.932324491001054}
